../Core/Src/main.c:84:6:pushbackLiDAR	24	static
../Core/Src/main.c:123:6:compensateLiDAR	24	static
../Core/Src/main.c:140:6:queue_push	16	static
../Core/Src/main.c:150:9:queue_pop	24	static
../Core/Src/main.c:161:5:queue_is_empty	16	static
../Core/Src/main.c:166:9:get_queue	16	static
../Core/Src/main.c:205:6:HAL_TIM_PeriodElapsedCallback	32	static
../Core/Src/main.c:240:6:reInitialize	24	static
../Core/Src/main.c:274:6:HAL_UART_RxCpltCallback	56	static
../Core/Src/main.c:377:9:DWT_GetDecaMicroseconds	4	static
../Core/Src/main.c:382:6:DWT_Init	4	static
../Core/Src/main.c:396:5:main	8	static
../Core/Src/main.c:458:6:SystemClock_Config	72	static
../Core/Src/main.c:498:13:MX_TIM2_Init	32	static
../Core/Src/main.c:543:13:MX_USART2_UART_Init	8	static
../Core/Src/main.c:574:13:MX_DMA_Init	16	static
../Core/Src/main.c:592:13:MX_GPIO_Init	40	static
../Core/Src/main.c:646:6:Error_Handler	4	static,ignoring_inline_asm
