../Core/Src/main.c:84:6:pushbackLiDAR	8	static
../Core/Src/main.c:123:6:compensateLiDAR	0	static
../Core/Src/main.c:140:6:queue_push	0	static
../Core/Src/main.c:150:9:queue_pop	0	static
../Core/Src/main.c:161:5:queue_is_empty	0	static
../Core/Src/main.c:166:9:get_queue	0	static
../Core/Src/main.c:240:6:reInitialize	16	static
../Core/Src/main.c:375:9:DWT_GetDecaMicroseconds	0	static
../Core/Src/main.c:205:6:HAL_TIM_PeriodElapsedCallback	24	static
../Core/Src/main.c:272:6:HAL_UART_RxCpltCallback	32	static
../Core/Src/main.c:380:6:DWT_Init	0	static
../Core/Src/main.c:456:6:SystemClock_Config	72	static,ignoring_inline_asm
../Core/Src/main.c:394:5:main	56	static,ignoring_inline_asm
../Core/Src/main.c:644:6:Error_Handler	0	static,ignoring_inline_asm
